#%PAM-1.0
#
# This file is autogenerated by pam-config. All manual
# changes will be overwritten!
#
# The pam-config configuration files can be used as template
# for an own PAM configuration not managed by pam-config:
#
# for i in account auth password session; do \
#      rm -f common-$i; sed '/^#.*/d' common-$i-pc > common-$i; \
# done
#
# Afterwards common-{account, auth, password, session} can be
# adjusted. Never edit or delete common-*-pc files!
#
# WARNING: changes done by pam-config afterwards are not
# visible to the PAM stack anymore!
#
# WARNING: self managed PAM configuration files are not supported,
# will not see required adjustments by pam-config and can become
# insecure or break system functionality through system updates!
#
#
# Authentication-related modules common to all services
#
# This file is included from other service-specific PAM config files,
# and should contain a list of the authentication modules that define
# the central authentication scheme for use on the system
# (e.g., /etc/shadow, LDAP, Kerberos, etc.). The default is to use the
# traditional Unix authentication mechanisms.
#
auth	required	pam_env.so	
auth	optional	pam_faildelay.so 
auth	required	pam_unix.so	debug nis try_first_pass 
#%PAM-1.0
#
# This file is autogenerated by pam-config. All manual
# changes will be overwritten!
#
# The pam-config configuration files can be used as template
# for an own PAM configuration not managed by pam-config:
#
# for i in account auth password session; do \
#      rm -f common-$i; sed '/^#.*/d' common-$i-pc > common-$i; \
# done
#
# Afterwards common-{account, auth, password, session} can be
# adjusted. Never edit or delete common-*-pc files!
#
# WARNING: changes done by pam-config afterwards are not
# visible to the PAM stack anymore!
#
# WARNING: self managed PAM configuration files are not supported,
# will not see required adjustments by pam-config and can become
# insecure or break system functionality through system updates!
#
#
# Account-related modules common to all services
#
# This file is included from other service-specific PAM config files,
# and should contain a list of the account modules that define
# the central access policy for use on the system.
#
account	required	pam_unix.so	debug nis try_first_pass 
#%PAM-1.0
#
# This file is autogenerated by pam-config. All manual
# changes will be overwritten!
#
# The pam-config configuration files can be used as template
# for an own PAM configuration not managed by pam-config:
#
# for i in account auth password session; do \
#      rm -f common-$i; sed '/^#.*/d' common-$i-pc > common-$i; \
# done
#
# Afterwards common-{account, auth, password, session} can be
# adjusted. Never edit or delete common-*-pc files!
#
# WARNING: changes done by pam-config afterwards are not
# visible to the PAM stack anymore!
#
# WARNING: self managed PAM configuration files are not supported,
# will not see required adjustments by pam-config and can become
# insecure or break system functionality through system updates!
#
#
# Password-related modules common to all services
#
# This file is included from other service-specific PAM config files,
# and should contain a list of modules that define  the services to be
# used to change user passwords.
#
password	requisite	pam_pwquality.so	debug 
password	required	pam_unix.so	debug nullok shadow nis try_first_pass 
#%PAM-1.0
#
# This file is autogenerated by pam-config. All manual
# changes will be overwritten!
#
# The pam-config configuration files can be used as template
# for an own PAM configuration not managed by pam-config:
#
# for i in account auth password session; do \
#      rm -f common-$i; sed '/^#.*/d' common-$i-pc > common-$i; \
# done
#
# Afterwards common-{account, auth, password, session} can be
# adjusted. Never edit or delete common-*-pc files!
#
# WARNING: changes done by pam-config afterwards are not
# visible to the PAM stack anymore!
#
# WARNING: self managed PAM configuration files are not supported,
# will not see required adjustments by pam-config and can become
# insecure or break system functionality through system updates!
#
#
# Session-related modules common to all services
#
# This file is included from other service-specific PAM config files,
# and should contain a list of modules that define tasks to be performed
# at the start and end of sessions of *any* kind (both interactive and
# non-interactive
#
session	required	pam_limits.so	
session	required	pam_unix.so	debug nis try_first_pass 
session	optional	pam_umask.so	
